// Jest Snapshot v1, https://goo.gl/fbAQLP

exports[`image renders a standard image with src and alt attributes 1`] = `"<blaze-image src=\\"https://www.blazeui.com/assets/img/blaze.png\\" alt=\\"blaze logo\\" class=\\"hydrated\\"><img class=\\"o-image\\" alt=\\"blaze logo\\" src=\\"https://www.blazeui.com/assets/img/blaze.png\\"></blaze-image>"`;

exports[`image renders fall back to a random placeholder image 1`] = `"<blaze-image class=\\"hydrated\\"><img class=\\"o-image\\" src=\\"https://source.unsplash.com/random/\\"></blaze-image>"`;

exports[`image renders fall back to a random placeholder image with a filter 1`] = `"<blaze-image filter=\\"space\\" class=\\"hydrated\\"><img class=\\"o-image\\" src=\\"https://source.unsplash.com/random/?space\\"></blaze-image>"`;

exports[`image renders from the list of a specific user's like photos with additional attributes 1`] = `"<blaze-image user=\\"test-user\\" width=\\"1024\\" height=\\"768\\" filter=\\"mountains\\" likes=\\"\\" class=\\"hydrated\\"><img class=\\"o-image\\" src=\\"https://source.unsplash.com/user/test-user/likes/1024x768/?mountains\\"></blaze-image>"`;

exports[`image renders specific photo id and width and height 1`] = `"<blaze-image photo=\\"test-photo-id\\" width=\\"1024\\" height=\\"768\\" class=\\"hydrated\\"><img class=\\"o-image\\" src=\\"https://source.unsplash.com/test-photo-id/1024x768/\\"></blaze-image>"`;

exports[`image renders specific user 1`] = `"<blaze-image user=\\"test-user\\" class=\\"hydrated\\"><img class=\\"o-image\\" src=\\"https://source.unsplash.com/user/test-user/\\"></blaze-image>"`;

exports[`image renders specific user with width and height 1`] = `"<blaze-image user=\\"test-user\\" width=\\"1024\\" height=\\"768\\" class=\\"hydrated\\"><img class=\\"o-image\\" src=\\"https://source.unsplash.com/user/test-user/1024x768/\\"></blaze-image>"`;

exports[`image renders specific user with width and height and an additional filter 1`] = `"<blaze-image user=\\"test-user\\" width=\\"1024\\" height=\\"768\\" filter=\\"plane\\" class=\\"hydrated\\"><img class=\\"o-image\\" src=\\"https://source.unsplash.com/user/test-user/1024x768/?plane\\"></blaze-image>"`;

exports[`image renders width and height 1`] = `"<blaze-image width=\\"1024\\" height=\\"768\\" class=\\"hydrated\\"><img class=\\"o-image\\" src=\\"https://source.unsplash.com/random/1024x768/\\"></blaze-image>"`;

exports[`image renders with specific photo id 1`] = `"<blaze-image photo=\\"test-photo-id\\" class=\\"hydrated\\"><img class=\\"o-image\\" src=\\"https://source.unsplash.com/test-photo-id/\\"></blaze-image>"`;
