// Jest Snapshot v1, https://goo.gl/fbAQLP

exports[`button renders a colored button 1`] = `"<blaze-button type=\\"info\\" class=\\"hydrated\\"><button class=\\"c-button c-button--info\\">Action</button></blaze-button>"`;

exports[`button renders a colored ghost button 1`] = `"<blaze-button ghost=\\"\\" type=\\"info\\" class=\\"hydrated\\"><button class=\\"c-button c-button--ghost-info\\">Action</button></blaze-button>"`;

exports[`button renders a default button 1`] = `"<blaze-button class=\\"hydrated\\"><button class=\\"c-button\\">Action</button></blaze-button>"`;

exports[`button renders a full-width button 1`] = `"<blaze-button full=\\"\\" class=\\"hydrated\\"><button class=\\"c-button c-button--block\\">Action</button></blaze-button>"`;

exports[`button renders a ghost button 1`] = `"<blaze-button ghost=\\"\\" class=\\"hydrated\\"><button class=\\"c-button c-button--ghost\\">Action</button></blaze-button>"`;

exports[`button renders a rounded button 1`] = `"<blaze-button rounded=\\"\\" class=\\"hydrated\\"><button class=\\"c-button c-button--rounded\\">Action</button></blaze-button>"`;

exports[`button renders a rounded ghost button 1`] = `"<blaze-button rounded=\\"\\" ghost=\\"\\" class=\\"hydrated\\"><button class=\\"c-button c-button--ghost c-button--rounded\\">Action</button></blaze-button>"`;

exports[`button renders a sized button 1`] = `"<blaze-button size=\\"small\\" class=\\"hydrated\\"><button class=\\"c-button u-small\\">Action</button></blaze-button>"`;

exports[`button renders an a button 1`] = `"<blaze-button href=\\"nowhere.com\\" value=\\"Action\\" class=\\"hydrated\\"><a href=\\"nowhere.com\\" class=\\"c-button\\"></a></blaze-button>"`;

exports[`button renders an active button 1`] = `"<blaze-button active=\\"\\" class=\\"hydrated\\"><button class=\\"c-button c-button--active\\">Action</button></blaze-button>"`;
