// Jest Snapshot v1, https://goo.gl/fbAQLP

exports[`Card renders a card 1`] = `
<blaze-card
  class="hydrated"
>
  <div
    class="c-card"
  >
    <!---->
  </div>
</blaze-card>
`;

exports[`Card renders all the child elements correctly 1`] = `
<blaze-card
  class="hydrated"
>
  <div
    class="c-card"
  >
    <!---->
    
      
    <blaze-image />
    
      
    <blaze-card-header>
      
        
      <h2
        class="c-heading u-xlarge"
      >
        
          Heading
          
        <div
          class="c-heading__sub"
        >
          Sub-heading
        </div>
        
        
      </h2>
      
      
    </blaze-card-header>
    
      
    <blaze-card-body>
      
        
      <p
        class="c-paragraph"
      >
        
          Lorem ipsum dolor sit amet, feugiat corpora ex eam. Inciderint eloquentiam sea et.
        
      </p>
      
      
    </blaze-card-body>
    
      
    <blaze-card-footer>
      
        
      <div
        class="c-input-group"
      >
        
          
        <button
          class="c-button c-button--block c-button--brand"
        >
          Button
        </button>
        
          
        <button
          class="c-button c-button--block c-button--info"
        >
          Button
        </button>
        
        
      </div>
      
      
    </blaze-card-footer>
    
    
  </div>
</blaze-card>
`;
