// Jest Snapshot v1, https://goo.gl/fbAQLP

exports[`calendar renders a coloured calendar 1`] = `"<blaze-calendar type=\\"info\\" date=\\"1982, January 14\\" class=\\"hydrated\\"><div class=\\"c-calendar\\"><button class=\\"c-calendar__control c-calendar__control--prev-year\\">‹</button><div class=\\"c-calendar__header c-calendar__header--year\\">1982</div><button class=\\"c-calendar__control c-calendar__control--next-year\\">›</button><button class=\\"c-calendar__control c-calendar__control--prev-month\\">‹</button><div class=\\"c-calendar__header c-calendar__header--month\\">January</div><button class=\\"c-calendar__control c-calendar__control--next-month\\">›</button><div class=\\"c-calendar__day\\">Su</div><div class=\\"c-calendar__day\\">Mo</div><div class=\\"c-calendar__day\\">Tu</div><div class=\\"c-calendar__day\\">We</div><div class=\\"c-calendar__day\\">Th</div><div class=\\"c-calendar__day\\">Fr</div><div class=\\"c-calendar__day\\">Sa</div><button class=\\"c-calendar__date\\" aria-selected=\\"0\\">27</button><button class=\\"c-calendar__date\\" aria-selected=\\"0\\">28</button><button class=\\"c-calendar__date\\" aria-selected=\\"0\\">29</button><button class=\\"c-calendar__date\\" aria-selected=\\"0\\">30</button><button class=\\"c-calendar__date\\" aria-selected=\\"0\\">31</button><button class=\\"c-calendar__date c-calendar__date--in-month\\" aria-selected=\\"0\\">1</button><button class=\\"c-calendar__date c-calendar__date--in-month\\" aria-selected=\\"0\\">2</button><button class=\\"c-calendar__date c-calendar__date--in-month\\" aria-selected=\\"0\\">3</button><button class=\\"c-calendar__date c-calendar__date--in-month\\" aria-selected=\\"0\\">4</button><button class=\\"c-calendar__date c-calendar__date--in-month\\" aria-selected=\\"0\\">5</button><button class=\\"c-calendar__date c-calendar__date--in-month\\" aria-selected=\\"0\\">6</button><button class=\\"c-calendar__date c-calendar__date--in-month\\" aria-selected=\\"0\\">7</button><button class=\\"c-calendar__date c-calendar__date--in-month\\" aria-selected=\\"0\\">8</button><button class=\\"c-calendar__date c-calendar__date--in-month\\" aria-selected=\\"0\\">9</button><button class=\\"c-calendar__date c-calendar__date--in-month\\" aria-selected=\\"0\\">10</button><button class=\\"c-calendar__date c-calendar__date--in-month\\" aria-selected=\\"0\\">11</button><button class=\\"c-calendar__date c-calendar__date--in-month\\" aria-selected=\\"0\\">12</button><button class=\\"c-calendar__date c-calendar__date--in-month\\" aria-selected=\\"0\\">13</button><button class=\\"c-calendar__date c-calendar__date--in-month c-button c-button--info\\" aria-selected=\\"1\\">14</button><button class=\\"c-calendar__date c-calendar__date--in-month\\" aria-selected=\\"0\\">15</button><button class=\\"c-calendar__date c-calendar__date--in-month\\" aria-selected=\\"0\\">16</button><button class=\\"c-calendar__date c-calendar__date--in-month\\" aria-selected=\\"0\\">17</button><button class=\\"c-calendar__date c-calendar__date--in-month\\" aria-selected=\\"0\\">18</button><button class=\\"c-calendar__date c-calendar__date--in-month\\" aria-selected=\\"0\\">19</button><button class=\\"c-calendar__date c-calendar__date--in-month\\" aria-selected=\\"0\\">20</button><button class=\\"c-calendar__date c-calendar__date--in-month\\" aria-selected=\\"0\\">21</button><button class=\\"c-calendar__date c-calendar__date--in-month\\" aria-selected=\\"0\\">22</button><button class=\\"c-calendar__date c-calendar__date--in-month\\" aria-selected=\\"0\\">23</button><button class=\\"c-calendar__date c-calendar__date--in-month\\" aria-selected=\\"0\\">24</button><button class=\\"c-calendar__date c-calendar__date--in-month\\" aria-selected=\\"0\\">25</button><button class=\\"c-calendar__date c-calendar__date--in-month\\" aria-selected=\\"0\\">26</button><button class=\\"c-calendar__date c-calendar__date--in-month\\" aria-selected=\\"0\\">27</button><button class=\\"c-calendar__date c-calendar__date--in-month\\" aria-selected=\\"0\\">28</button><button class=\\"c-calendar__date c-calendar__date--in-month\\" aria-selected=\\"0\\">29</button><button class=\\"c-calendar__date c-calendar__date--in-month\\" aria-selected=\\"0\\">30</button><button class=\\"c-calendar__date c-calendar__date--in-month\\" aria-selected=\\"0\\">31</button><button class=\\"c-calendar__date\\" aria-selected=\\"0\\">1</button><button class=\\"c-calendar__date\\" aria-selected=\\"0\\">2</button><button class=\\"c-calendar__date\\" aria-selected=\\"0\\">3</button><button class=\\"c-calendar__date\\" aria-selected=\\"0\\">4</button><button class=\\"c-calendar__date\\" aria-selected=\\"0\\">5</button><button class=\\"c-calendar__date\\" aria-selected=\\"0\\">6</button><div class=\\"c-calendar__footer\\"><button class=\\"c-calendar__today c-button c-button--block c-button--info\\">Today</button></div></div></blaze-calendar>"`;

exports[`calendar renders a default calendar 1`] = `"<blaze-calendar date=\\"1982, January 14\\" class=\\"hydrated\\"><div class=\\"c-calendar\\"><button class=\\"c-calendar__control c-calendar__control--prev-year\\">‹</button><div class=\\"c-calendar__header c-calendar__header--year\\">1982</div><button class=\\"c-calendar__control c-calendar__control--next-year\\">›</button><button class=\\"c-calendar__control c-calendar__control--prev-month\\">‹</button><div class=\\"c-calendar__header c-calendar__header--month\\">January</div><button class=\\"c-calendar__control c-calendar__control--next-month\\">›</button><div class=\\"c-calendar__day\\">Su</div><div class=\\"c-calendar__day\\">Mo</div><div class=\\"c-calendar__day\\">Tu</div><div class=\\"c-calendar__day\\">We</div><div class=\\"c-calendar__day\\">Th</div><div class=\\"c-calendar__day\\">Fr</div><div class=\\"c-calendar__day\\">Sa</div><button class=\\"c-calendar__date\\" aria-selected=\\"0\\">27</button><button class=\\"c-calendar__date\\" aria-selected=\\"0\\">28</button><button class=\\"c-calendar__date\\" aria-selected=\\"0\\">29</button><button class=\\"c-calendar__date\\" aria-selected=\\"0\\">30</button><button class=\\"c-calendar__date\\" aria-selected=\\"0\\">31</button><button class=\\"c-calendar__date c-calendar__date--in-month\\" aria-selected=\\"0\\">1</button><button class=\\"c-calendar__date c-calendar__date--in-month\\" aria-selected=\\"0\\">2</button><button class=\\"c-calendar__date c-calendar__date--in-month\\" aria-selected=\\"0\\">3</button><button class=\\"c-calendar__date c-calendar__date--in-month\\" aria-selected=\\"0\\">4</button><button class=\\"c-calendar__date c-calendar__date--in-month\\" aria-selected=\\"0\\">5</button><button class=\\"c-calendar__date c-calendar__date--in-month\\" aria-selected=\\"0\\">6</button><button class=\\"c-calendar__date c-calendar__date--in-month\\" aria-selected=\\"0\\">7</button><button class=\\"c-calendar__date c-calendar__date--in-month\\" aria-selected=\\"0\\">8</button><button class=\\"c-calendar__date c-calendar__date--in-month\\" aria-selected=\\"0\\">9</button><button class=\\"c-calendar__date c-calendar__date--in-month\\" aria-selected=\\"0\\">10</button><button class=\\"c-calendar__date c-calendar__date--in-month\\" aria-selected=\\"0\\">11</button><button class=\\"c-calendar__date c-calendar__date--in-month\\" aria-selected=\\"0\\">12</button><button class=\\"c-calendar__date c-calendar__date--in-month\\" aria-selected=\\"0\\">13</button><button class=\\"c-calendar__date c-calendar__date--in-month c-button c-button--brand\\" aria-selected=\\"1\\">14</button><button class=\\"c-calendar__date c-calendar__date--in-month\\" aria-selected=\\"0\\">15</button><button class=\\"c-calendar__date c-calendar__date--in-month\\" aria-selected=\\"0\\">16</button><button class=\\"c-calendar__date c-calendar__date--in-month\\" aria-selected=\\"0\\">17</button><button class=\\"c-calendar__date c-calendar__date--in-month\\" aria-selected=\\"0\\">18</button><button class=\\"c-calendar__date c-calendar__date--in-month\\" aria-selected=\\"0\\">19</button><button class=\\"c-calendar__date c-calendar__date--in-month\\" aria-selected=\\"0\\">20</button><button class=\\"c-calendar__date c-calendar__date--in-month\\" aria-selected=\\"0\\">21</button><button class=\\"c-calendar__date c-calendar__date--in-month\\" aria-selected=\\"0\\">22</button><button class=\\"c-calendar__date c-calendar__date--in-month\\" aria-selected=\\"0\\">23</button><button class=\\"c-calendar__date c-calendar__date--in-month\\" aria-selected=\\"0\\">24</button><button class=\\"c-calendar__date c-calendar__date--in-month\\" aria-selected=\\"0\\">25</button><button class=\\"c-calendar__date c-calendar__date--in-month\\" aria-selected=\\"0\\">26</button><button class=\\"c-calendar__date c-calendar__date--in-month\\" aria-selected=\\"0\\">27</button><button class=\\"c-calendar__date c-calendar__date--in-month\\" aria-selected=\\"0\\">28</button><button class=\\"c-calendar__date c-calendar__date--in-month\\" aria-selected=\\"0\\">29</button><button class=\\"c-calendar__date c-calendar__date--in-month\\" aria-selected=\\"0\\">30</button><button class=\\"c-calendar__date c-calendar__date--in-month\\" aria-selected=\\"0\\">31</button><button class=\\"c-calendar__date\\" aria-selected=\\"0\\">1</button><button class=\\"c-calendar__date\\" aria-selected=\\"0\\">2</button><button class=\\"c-calendar__date\\" aria-selected=\\"0\\">3</button><button class=\\"c-calendar__date\\" aria-selected=\\"0\\">4</button><button class=\\"c-calendar__date\\" aria-selected=\\"0\\">5</button><button class=\\"c-calendar__date\\" aria-selected=\\"0\\">6</button><div class=\\"c-calendar__footer\\"><button class=\\"c-calendar__today c-button c-button--block c-button--brand\\">Today</button></div></div></blaze-calendar>"`;
