// Jest Snapshot v1, https://goo.gl/fbAQLP

exports[`login renders all settings 1`] = `"<blaze-login username-label=\\"Email address: \\" username-hint=\\"The email address you used when you signed up\\" username-type=\\"email\\" username-autocomplete=\\"@me.com\\" password-label=\\"Password: \\" password-hint=\\"It's probably Pa55w0rd...\\" remember-me-label=\\"Remember me\\" remember-me=\\"\\" class=\\"hydrated\\"><fieldset class=\\"o-fieldset c-list c-list--inline c-list--unstyled\\"><label class=\\"c-label o-form-element\\">Email address: <input type=\\"email\\" class=\\"c-field undefined c-field--label username\\"><div role=\\"tooltip\\" class=\\"c-hint\\">The email address you used when you signed up</div></label><label class=\\"c-label o-form-element\\">Password: <input type=\\"password\\" class=\\"c-field undefined c-field--label password\\"><div role=\\"tooltip\\" class=\\"c-hint\\">It's probably Pa55w0rd...</div></label><div class=\\"o-form-element\\"><blaze-toggle type=\\"brand\\" class=\\"hydrated\\"><label class=\\"c-toggle c-toggle--brand\\"><input type=\\"checkbox\\" aria-checked=\\"false\\"><div class=\\"c-toggle__track\\"><div class=\\"c-toggle__handle\\"></div></div>Remember me</label></blaze-toggle></div></fieldset></blaze-login>"`;

exports[`login renders correctly 1`] = `"<blaze-login class=\\"hydrated\\"><fieldset class=\\"o-fieldset c-list c-list--inline c-list--unstyled\\"><label class=\\"c-label o-form-element\\">Username<input type=\\"text\\" class=\\"c-field undefined c-field--label username\\"></label><label class=\\"c-label o-form-element\\">Password<input type=\\"password\\" class=\\"c-field undefined c-field--label password\\"></label></fieldset></blaze-login>"`;
